// Jest Snapshot v1, https://goo.gl/fbAQLP

exports[`DogCard matches snapshot 1`] = `
<View
  accessibilityState={
    {
      "busy": undefined,
      "checked": undefined,
      "disabled": undefined,
      "expanded": undefined,
      "selected": undefined,
    }
  }
  accessibilityValue={
    {
      "max": undefined,
      "min": undefined,
      "now": undefined,
      "text": undefined,
    }
  }
  accessible={true}
  collapsable={false}
  focusable={true}
  onClick={[Function]}
  onResponderGrant={[Function]}
  onResponderMove={[Function]}
  onResponderRelease={[Function]}
  onResponderTerminate={[Function]}
  onResponderTerminationRequest={[Function]}
  onStartShouldSetResponder={[Function]}
  style={
    {
      "backgroundColor": "#ffffff",
      "borderRadius": 12,
      "elevation": 3,
      "marginBottom": 16,
      "opacity": 1,
      "overflow": "hidden",
      "shadowColor": "#000",
      "shadowOffset": {
        "height": 2,
        "width": 0,
      },
      "shadowOpacity": 0.1,
      "shadowRadius": 4,
    }
  }
>
  <View
    style={
      {
        "borderRadius": 12,
        "flexDirection": "column",
      }
    }
  >
    <Image
      resizeMode="cover"
      source={
        {
          "uri": "https://example.com/dog.jpg",
        }
      }
      style={
        {
          "borderTopLeftRadius": 12,
          "borderTopRightRadius": 12,
          "height": 200,
          "width": "100%",
        }
      }
    />
    <View
      style={
        {
          "padding": 16,
        }
      }
    >
      <Text
        style={
          {
            "color": "#212529",
            "fontSize": 20,
            "fontWeight": "bold",
            "marginBottom": 4,
          }
        }
      >
        Max
      </Text>
      <Text
        style={
          {
            "color": "#495057",
            "fontSize": 16,
            "marginBottom": 4,
            "textTransform": "capitalize",
          }
        }
      >
        labrador
      </Text>
      <Text
        style={
          {
            "color": "#6c757d",
            "fontSize": 14,
            "marginBottom": 8,
          }
        }
      >
        3 años
      </Text>
      <View
        style={
          {
            "alignItems": "center",
            "flexDirection": "row",
            "flexWrap": "wrap",
            "marginTop": 4,
          }
        }
      >
        <Text
          style={
            {
              "color": "#0066cc",
              "fontSize": 14,
              "fontWeight": "500",
            }
          }
        >
          A 
          2.5
           km de tu ubicación
        </Text>
      </View>
      <View
        style={
          {
            "backgroundColor": "#e9ecef",
            "height": 1,
            "marginVertical": 12,
          }
        }
      />
      <View
        style={
          {
            "marginTop": 4,
          }
        }
      >
        <Text
          style={
            {
              "color": "#495057",
              "fontSize": 15,
              "marginBottom": 12,
            }
          }
        >
          Max es de raza labrador
        </Text>
        <View
          style={
            [
              {
                "alignSelf": "flex-start",
                "borderRadius": 20,
                "marginBottom": 8,
                "paddingHorizontal": 12,
                "paddingVertical": 6,
              },
              {
                "backgroundColor": "#d4edda",
              },
            ]
          }
        >
          <Text
            style={
              {
                "color": "#212529",
                "fontSize": 14,
                "fontWeight": "500",
              }
            }
          >
            Disponible para adopción
          </Text>
        </View>
      </View>
    </View>
  </View>
</View>
`;
